base referer
rect $classopenvrml_1_1vrml97__node_1_1abstract__child__node.html 475,5 752,24
rect $classopenvrml_1_1vrml97__node_1_1abstract__geometry__node.html 461,48 765,66
rect $classopenvrml_1_1vrml97__node_1_1abstract__texture__node.html 468,90 759,109
rect $classopenvrml_1_1vrml97__node_1_1appearance__node.html 481,133 745,152
rect $classopenvrml_1_1vrml97__node_1_1audio__clip__node.html 487,176 740,194
rect $classopenvrml_1_1vrml97__node_1_1color__node.html 503,218 724,237
rect $classopenvrml_1_1vrml97__node_1_1coordinate__node.html 487,261 740,280
rect $classopenvrml_1_1vrml97__node_1_1font__style__node.html 488,304 739,322
rect $classopenvrml_1_1vrml97__node_1_1group__node.html 500,346 727,365
rect $classopenvrml_1_1vrml97__node_1_1inline__node.html 501,389 725,408
rect $classopenvrml_1_1vrml97__node_1_1lod__node.html 508,432 719,450
rect $classopenvrml_1_1vrml97__node_1_1material__node.html 493,474 733,493
rect $classopenvrml_1_1vrml97__node_1_1normal__node.html 497,517 729,536
rect $classopenvrml_1_1vrml97__node_1_1switch__node.html 499,560 728,578
rect $classopenvrml_1_1vrml97__node_1_1texture__coordinate__node.html 461,602 765,621
rect $classopenvrml_1_1vrml97__node_1_1texture__transform__node.html 464,645 763,664
rect $classopenvrml_1_1vrml97__node_1_1viewpoint__node.html 489,688 737,706
rect $classopenvrml_1_1node.html 17,346 119,365
