base referer
rect $classopenvrml_1_1vrml97__node_1_1abstract__light__node.html 664,5 939,24
rect $classopenvrml_1_1vrml97__node_1_1background__node.html 671,48 932,66
rect $classopenvrml_1_1vrml97__node_1_1color__interpolator__node.html 653,90 949,109
rect $classopenvrml_1_1vrml97__node_1_1coordinate__interpolator__node.html 637,133 965,152
rect $classopenvrml_1_1vrml97__node_1_1cylinder__sensor__node.html 657,176 945,194
rect $classopenvrml_1_1vrml97__node_1_1fog__node.html 696,218 907,237
rect $classopenvrml_1_1vrml97__node_1_1navigation__info__node.html 661,261 941,280
rect $classopenvrml_1_1vrml97__node_1_1normal__interpolator__node.html 647,304 956,322
rect $classopenvrml_1_1vrml97__node_1_1orientation__interpolator__node.html 637,346 965,365
rect $classopenvrml_1_1vrml97__node_1_1plane__sensor__node.html 665,389 937,408
rect $classopenvrml_1_1vrml97__node_1_1position__interpolator__node.html 644,432 959,450
rect $classopenvrml_1_1vrml97__node_1_1proximity__sensor__node.html 653,474 949,493
rect $classopenvrml_1_1vrml97__node_1_1scalar__interpolator__node.html 649,517 953,536
rect $classopenvrml_1_1vrml97__node_1_1shape__node.html 687,560 916,578
rect $classopenvrml_1_1vrml97__node_1_1sound__node.html 687,602 916,621
rect $classopenvrml_1_1vrml97__node_1_1sphere__sensor__node.html 660,645 943,664
rect $classopenvrml_1_1vrml97__node_1_1time__sensor__node.html 668,688 935,706
rect $classopenvrml_1_1vrml97__node_1_1touch__sensor__node.html 665,730 937,749
rect $classopenvrml_1_1vrml97__node_1_1visibility__sensor__node.html 657,773 945,792
rect $classopenvrml_1_1vrml97__node_1_1world__info__node.html 675,816 928,834
rect $classopenvrml_1_1vrml97__node_1_1abstract__base.html 19,389 261,408
rect $classopenvrml_1_1child__node.html 72,432 208,450
