base referer
rect $classopenvrml_1_1script__node__class.html 283,5 464,24
rect $classopenvrml_1_1vrml97__node_1_1anchor__class.html 255,48 492,67
rect $classopenvrml_1_1vrml97__node_1_1appearance__class.html 240,91 507,109
rect $classopenvrml_1_1vrml97__node_1_1audio__clip__class.html 245,133 501,152
rect $classopenvrml_1_1vrml97__node_1_1background__class.html 241,176 505,195
rect $classopenvrml_1_1vrml97__node_1_1billboard__class.html 249,219 497,237
rect $classopenvrml_1_1vrml97__node_1_1box__class.html 264,261 483,280
rect $classopenvrml_1_1vrml97__node_1_1collision__class.html 252,304 495,323
rect $classopenvrml_1_1vrml97__node_1_1color__class.html 261,347 485,365
rect $classopenvrml_1_1vrml97__node_1_1color__interpolator__class.html 223,389 524,408
rect $classopenvrml_1_1vrml97__node_1_1cone__class.html 261,432 485,451
rect $classopenvrml_1_1vrml97__node_1_1coordinate__class.html 245,475 501,493
rect $classopenvrml_1_1vrml97__node_1_1coordinate__interpolator__class.html 207,517 540,536
rect $classopenvrml_1_1vrml97__node_1_1cylinder__class.html 252,560 495,579
rect $classopenvrml_1_1vrml97__node_1_1cylinder__sensor__class.html 228,603 519,621
rect $classopenvrml_1_1vrml97__node_1_1directional__light__class.html 229,645 517,664
rect $classopenvrml_1_1vrml97__node_1_1elevation__grid__class.html 235,688 512,707
rect $classopenvrml_1_1vrml97__node_1_1extrusion__class.html 248,731 499,749
rect $classopenvrml_1_1vrml97__node_1_1fog__class.html 267,773 480,792
rect $classopenvrml_1_1vrml97__node_1_1font__style__class.html 247,816 500,835
rect $classopenvrml_1_1vrml97__node_1_1group__class.html 259,859 488,877
rect $classopenvrml_1_1vrml97__node_1_1image__texture__class.html 233,901 513,920
rect $classopenvrml_1_1vrml97__node_1_1indexed__face__set__class.html 224,944 523,963
rect $classopenvrml_1_1vrml97__node_1_1indexed__line__set__class.html 225,987 521,1005
rect $classopenvrml_1_1vrml97__node_1_1inline__class.html 260,1029 487,1048
rect $classopenvrml_1_1vrml97__node_1_1lod__class.html 267,1072 480,1091
rect $classopenvrml_1_1vrml97__node_1_1material__class.html 252,1115 495,1133
rect $classopenvrml_1_1vrml97__node_1_1movie__texture__class.html 233,1157 513,1176
rect $classopenvrml_1_1vrml97__node_1_1navigation__info__class.html 232,1200 515,1219
rect $classopenvrml_1_1vrml97__node_1_1normal__class.html 255,1243 492,1261
rect $classopenvrml_1_1vrml97__node_1_1normal__interpolator__class.html 217,1285 529,1304
rect $classopenvrml_1_1vrml97__node_1_1orientation__interpolator__class.html 207,1328 540,1347
rect $classopenvrml_1_1vrml97__node_1_1pixel__texture__class.html 237,1371 509,1389
rect $classopenvrml_1_1vrml97__node_1_1plane__sensor__class.html 235,1413 512,1432
rect $classopenvrml_1_1vrml97__node_1_1point__light__class.html 245,1456 501,1475
rect $classopenvrml_1_1vrml97__node_1_1point__set__class.html 248,1499 499,1517
rect $classopenvrml_1_1vrml97__node_1_1position__interpolator__class.html 215,1541 532,1560
rect $classopenvrml_1_1vrml97__node_1_1proximity__sensor__class.html 224,1584 523,1603
rect $classopenvrml_1_1vrml97__node_1_1scalar__interpolator__class.html 220,1627 527,1645
rect $classopenvrml_1_1vrml97__node_1_1shape__class.html 257,1669 489,1688
rect $classopenvrml_1_1vrml97__node_1_1sound__class.html 257,1712 489,1731
rect $classopenvrml_1_1vrml97__node_1_1sphere__class.html 255,1755 492,1773
rect $classopenvrml_1_1vrml97__node_1_1sphere__sensor__class.html 231,1797 516,1816
rect $classopenvrml_1_1vrml97__node_1_1spot__light__class.html 247,1840 500,1859
rect $classopenvrml_1_1vrml97__node_1_1switch__class.html 257,1883 489,1901
rect $classopenvrml_1_1vrml97__node_1_1text__class.html 264,1925 483,1944
rect $classopenvrml_1_1vrml97__node_1_1texture__coordinate__class.html 220,1968 527,1987
rect $classopenvrml_1_1vrml97__node_1_1texture__transform__class.html 223,2011 524,2029
rect $classopenvrml_1_1vrml97__node_1_1time__sensor__class.html 239,2053 508,2072
rect $classopenvrml_1_1vrml97__node_1_1touch__sensor__class.html 235,2096 512,2115
rect $classopenvrml_1_1vrml97__node_1_1transform__class.html 247,2139 500,2157
rect $classopenvrml_1_1vrml97__node_1_1viewpoint__class.html 248,2181 499,2200
rect $classopenvrml_1_1vrml97__node_1_1visibility__sensor__class.html 227,2224 520,2243
rect $classopenvrml_1_1vrml97__node_1_1world__info__class.html 245,2267 501,2285
