base referer
rect $classopenvrml_1_1node.html 17,1112 119,1131
rect $classopenvrml_1_1appearance__node.html 200,797 379,816
rect $classopenvrml_1_1child__node.html 221,712 357,731
rect $classopenvrml_1_1color__node.html 220,840 359,859
rect $classopenvrml_1_1coordinate__node.html 204,883 375,901
rect $classopenvrml_1_1font__style__node.html 207,925 372,944
rect $classopenvrml_1_1geometry__node.html 207,1265 372,1284
rect $classopenvrml_1_1material__node.html 211,1020 368,1039
rect $classopenvrml_1_1normal__node.html 215,1133 364,1152
rect $classopenvrml_1_1sound__source__node.html 193,1219 385,1237
rect $classopenvrml_1_1texture__coordinate__node.html 180,1316 399,1335
rect $classopenvrml_1_1texture__node.html 215,1375 364,1393
rect $classopenvrml_1_1texture__transform__node.html 183,1448 396,1467
rect $classopenvrml_1_1vrml97__node_1_1abstract__base.html 168,1091 411,1109
rect $classopenvrml_1_1vrml97__node_1_1appearance__node.html 481,797 745,816
rect $classopenvrml_1_1grouping__node.html 533,755 693,773
rect $classopenvrml_1_1script__node.html 541,475 685,493
rect $classopenvrml_1_1viewpoint__node.html 531,712 696,731
rect $classopenvrml_1_1vrml97__node_1_1abstract__child__node.html 475,517 752,536
rect $classopenvrml_1_1transform__node.html 897,944 1063,963
rect $classopenvrml_1_1vrml97__node_1_1group__node.html 867,1029 1093,1048
rect $classopenvrml_1_1vrml97__node_1_1inline__node.html 868,1115 1092,1133
rect $classopenvrml_1_1vrml97__node_1_1lod__node.html 875,987 1085,1005
rect $classopenvrml_1_1vrml97__node_1_1switch__node.html 865,1072 1095,1091
rect $classopenvrml_1_1vrml97__node_1_1transform__node.html 1219,944 1467,963
rect $classopenvrml_1_1vrml97__node_1_1anchor__node.html 1227,1029 1459,1048
rect $classopenvrml_1_1vrml97__node_1_1billboard__node.html 1220,1072 1465,1091
rect $classopenvrml_1_1vrml97__node_1_1collision__node.html 1223,987 1463,1005
rect $classopenvrml_1_1vrml97__node_1_1viewpoint__node.html 856,901 1104,920
rect $classopenvrml_1_1vrml97__node_1_1abstract__light__node.html 843,48 1117,67
rect $classopenvrml_1_1vrml97__node_1_1background__node.html 849,475 1111,493
rect $classopenvrml_1_1vrml97__node_1_1color__interpolator__node.html 832,517 1128,536
rect $classopenvrml_1_1vrml97__node_1_1coordinate__interpolator__node.html 816,560 1144,579
rect $classopenvrml_1_1vrml97__node_1_1cylinder__sensor__node.html 836,603 1124,621
rect $classopenvrml_1_1vrml97__node_1_1fog__node.html 875,645 1085,664
rect $classopenvrml_1_1vrml97__node_1_1navigation__info__node.html 840,688 1120,707
rect $classopenvrml_1_1vrml97__node_1_1normal__interpolator__node.html 825,731 1135,749
rect $classopenvrml_1_1vrml97__node_1_1orientation__interpolator__node.html 816,773 1144,792
rect $classopenvrml_1_1vrml97__node_1_1plane__sensor__node.html 844,816 1116,835
rect $classopenvrml_1_1vrml97__node_1_1position__interpolator__node.html 823,859 1137,877
rect $classopenvrml_1_1vrml97__node_1_1proximity__sensor__node.html 832,91 1128,109
rect $classopenvrml_1_1vrml97__node_1_1scalar__interpolator__node.html 828,133 1132,152
rect $classopenvrml_1_1vrml97__node_1_1shape__node.html 865,176 1095,195
rect $classopenvrml_1_1vrml97__node_1_1sound__node.html 865,219 1095,237
rect $classopenvrml_1_1vrml97__node_1_1sphere__sensor__node.html 839,261 1121,280
rect $classopenvrml_1_1vrml97__node_1_1time__sensor__node.html 847,304 1113,323
rect $classopenvrml_1_1vrml97__node_1_1touch__sensor__node.html 844,347 1116,365
rect $classopenvrml_1_1vrml97__node_1_1visibility__sensor__node.html 836,389 1124,408
rect $classopenvrml_1_1vrml97__node_1_1world__info__node.html 853,432 1107,451
rect $classopenvrml_1_1vrml97__node_1_1directional__light__node.html 1200,48 1485,67
rect $classopenvrml_1_1vrml97__node_1_1point__light__node.html 1216,91 1469,109
rect $classopenvrml_1_1vrml97__node_1_1spot__light__node.html 1217,5 1468,24
rect $classopenvrml_1_1vrml97__node_1_1color__node.html 503,840 724,859
rect $classopenvrml_1_1vrml97__node_1_1coordinate__node.html 487,883 740,901
rect $classopenvrml_1_1vrml97__node_1_1font__style__node.html 488,925 739,944
rect $classopenvrml_1_1vrml97__node_1_1abstract__geometry__node.html 461,1349 765,1368
rect $classopenvrml_1_1vrml97__node_1_1abstract__indexed__set__node.html 820,1456 1140,1475
rect $classopenvrml_1_1vrml97__node_1_1box__node.html 872,1499 1088,1517
rect $classopenvrml_1_1vrml97__node_1_1cone__node.html 869,1157 1091,1176
rect $classopenvrml_1_1vrml97__node_1_1cylinder__node.html 860,1200 1100,1219
rect $classopenvrml_1_1vrml97__node_1_1elevation__grid__node.html 843,1243 1117,1261
rect $classopenvrml_1_1vrml97__node_1_1extrusion__node.html 856,1285 1104,1304
rect $classopenvrml_1_1vrml97__node_1_1point__set__node.html 856,1328 1104,1347
rect $classopenvrml_1_1vrml97__node_1_1sphere__node.html 863,1371 1097,1389
rect $classopenvrml_1_1vrml97__node_1_1text__node.html 872,1413 1088,1432
rect $classopenvrml_1_1vrml97__node_1_1indexed__face__set__node.html 1195,1435 1491,1453
rect $classopenvrml_1_1vrml97__node_1_1indexed__line__set__node.html 1196,1477 1489,1496
rect $classopenvrml_1_1vrml97__node_1_1material__node.html 493,968 733,987
rect $classopenvrml_1_1vrml97__node_1_1normal__node.html 497,1307 729,1325
rect $classopenvrml_1_1vrml97__node_1_1texture__coordinate__node.html 461,1392 765,1411
rect $classopenvrml_1_1vrml97__node_1_1abstract__texture__node.html 468,1435 759,1453
rect $classopenvrml_1_1vrml97__node_1_1image__texture__node.html 841,1627 1119,1645
rect $classopenvrml_1_1vrml97__node_1_1movie__texture__node.html 841,1541 1119,1560
rect $classopenvrml_1_1vrml97__node_1_1pixel__texture__node.html 845,1584 1115,1603
rect $classopenvrml_1_1vrml97__node_1_1texture__transform__node.html 464,1477 763,1496
rect $classopenvrml_1_1vrml97__node_1_1audio__clip__node.html 487,1213 740,1232
