base referer
rect $classopenvrml_1_1node__class.html 17,1157 159,1175
rect $classopenvrml_1_1script__node__class.html 283,47 464,66
rect $classopenvrml_1_1vrml97__node_1_1anchor__class.html 255,90 492,109
rect $classopenvrml_1_1vrml97__node_1_1appearance__class.html 240,133 507,151
rect $classopenvrml_1_1vrml97__node_1_1audio__clip__class.html 245,175 501,194
rect $classopenvrml_1_1vrml97__node_1_1background__class.html 241,218 505,237
rect $classopenvrml_1_1vrml97__node_1_1billboard__class.html 249,261 497,279
rect $classopenvrml_1_1vrml97__node_1_1box__class.html 264,303 483,322
rect $classopenvrml_1_1vrml97__node_1_1collision__class.html 252,346 495,365
rect $classopenvrml_1_1vrml97__node_1_1color__class.html 261,389 485,407
rect $classopenvrml_1_1vrml97__node_1_1color__interpolator__class.html 223,431 524,450
rect $classopenvrml_1_1vrml97__node_1_1cone__class.html 261,474 485,493
rect $classopenvrml_1_1vrml97__node_1_1coordinate__class.html 245,517 501,535
rect $classopenvrml_1_1vrml97__node_1_1coordinate__interpolator__class.html 207,559 540,578
rect $classopenvrml_1_1vrml97__node_1_1cylinder__class.html 252,602 495,621
rect $classopenvrml_1_1vrml97__node_1_1cylinder__sensor__class.html 228,645 519,663
rect $classopenvrml_1_1vrml97__node_1_1directional__light__class.html 229,687 517,706
rect $classopenvrml_1_1vrml97__node_1_1elevation__grid__class.html 235,730 512,749
rect $classopenvrml_1_1vrml97__node_1_1extrusion__class.html 248,773 499,791
rect $classopenvrml_1_1vrml97__node_1_1fog__class.html 267,815 480,834
rect $classopenvrml_1_1vrml97__node_1_1font__style__class.html 247,858 500,877
rect $classopenvrml_1_1vrml97__node_1_1group__class.html 259,901 488,919
rect $classopenvrml_1_1vrml97__node_1_1image__texture__class.html 233,943 513,962
rect $classopenvrml_1_1vrml97__node_1_1indexed__face__set__class.html 224,986 523,1005
rect $classopenvrml_1_1vrml97__node_1_1indexed__line__set__class.html 225,1029 521,1047
rect $classopenvrml_1_1vrml97__node_1_1inline__class.html 260,1071 487,1090
rect $classopenvrml_1_1vrml97__node_1_1lod__class.html 267,1114 480,1133
rect $classopenvrml_1_1vrml97__node_1_1material__class.html 252,1157 495,1175
rect $classopenvrml_1_1vrml97__node_1_1movie__texture__class.html 233,1199 513,1218
rect $classopenvrml_1_1vrml97__node_1_1navigation__info__class.html 232,1242 515,1261
rect $classopenvrml_1_1vrml97__node_1_1normal__class.html 255,1285 492,1303
rect $classopenvrml_1_1vrml97__node_1_1normal__interpolator__class.html 217,1327 529,1346
rect $classopenvrml_1_1vrml97__node_1_1orientation__interpolator__class.html 207,1370 540,1389
rect $classopenvrml_1_1vrml97__node_1_1pixel__texture__class.html 237,1413 509,1431
rect $classopenvrml_1_1vrml97__node_1_1plane__sensor__class.html 235,1455 512,1474
rect $classopenvrml_1_1vrml97__node_1_1point__light__class.html 245,1498 501,1517
rect $classopenvrml_1_1vrml97__node_1_1point__set__class.html 248,1541 499,1559
rect $classopenvrml_1_1vrml97__node_1_1position__interpolator__class.html 215,1583 532,1602
rect $classopenvrml_1_1vrml97__node_1_1proximity__sensor__class.html 224,1626 523,1645
rect $classopenvrml_1_1vrml97__node_1_1scalar__interpolator__class.html 220,1669 527,1687
rect $classopenvrml_1_1vrml97__node_1_1shape__class.html 257,1711 489,1730
rect $classopenvrml_1_1vrml97__node_1_1sound__class.html 257,1754 489,1773
rect $classopenvrml_1_1vrml97__node_1_1sphere__class.html 255,1797 492,1815
rect $classopenvrml_1_1vrml97__node_1_1sphere__sensor__class.html 231,1839 516,1858
rect $classopenvrml_1_1vrml97__node_1_1spot__light__class.html 247,1882 500,1901
rect $classopenvrml_1_1vrml97__node_1_1switch__class.html 257,1925 489,1943
rect $classopenvrml_1_1vrml97__node_1_1text__class.html 264,1967 483,1986
rect $classopenvrml_1_1vrml97__node_1_1texture__coordinate__class.html 220,2010 527,2029
rect $classopenvrml_1_1vrml97__node_1_1texture__transform__class.html 223,2053 524,2071
rect $classopenvrml_1_1vrml97__node_1_1time__sensor__class.html 239,2095 508,2114
rect $classopenvrml_1_1vrml97__node_1_1touch__sensor__class.html 235,2138 512,2157
rect $classopenvrml_1_1vrml97__node_1_1transform__class.html 247,2181 500,2199
rect $classopenvrml_1_1vrml97__node_1_1viewpoint__class.html 248,2223 499,2242
rect $classopenvrml_1_1vrml97__node_1_1visibility__sensor__class.html 227,2266 520,2285
rect $classopenvrml_1_1vrml97__node_1_1world__info__class.html 245,2309 501,2327
